[TOC]

### 建表操作

```mysql
create table 表名(
id int,
name char(18),
字段名3 类型[(宽度) 约束条件]
);
# 放在中括号里的内容可以不写
```

### 写入数据

```mysql
# 写入数据的方式
insert into 表 values (值1,值2,值3);
# 这张表有多少的字段,就需要按照字段的顺序写入多少个值
insert into 表 values (值1,值2,值3),(值1,值2,值3),(值1,值2,值3);
# 一次性写入多条数据
insert into 表 (字段1,字段3 ) values (值1,值3);
# 指定字段名写入,可以任意的选择表中你需要写入的字段进行
```

### 查表

```mysql
select * from 表
```

### 查勘表结构

```mysql
desc 表名;
# 能够查看到有多少个字段\类型\长度,看不到表编码,引擎,具体的约束信息只能看到一部分

show create table 表名;
# 能查看字段\类型\长度\编码\引擎\约束
```

### 常用数据类型

MySQL支持所有标准SQL数值数据类型。

这些类型包括严格数值数据类型(INTEGER、SMALLINT、DECIMAL和NUMERIC)，以及近似数值数据类型(FLOAT、REAL和DOUBLE PRECISION)。

关键字INT是INTEGER的同义词，关键字DEC是DECIMAL的同义词。

MySQL支持的整数类型有TINYINT、MEDIUMINT和BIGINT。下面的表显示了需要的每个整数类型的存储和范围。

对于小数的表示，MYSQL分为两种方式：浮点数和定点数。浮点数包括float(单精度)和double(双精度),而定点数只有decimal一种，在mysql中以字符串的形式存放，比浮点数更精确，适合用来表示货币等精度高的数据。

BIT数据类型保存位字段值，并且支持MyISAM、MEMORY、InnoDB和BDB表。

 

| 类型         | 大小                                                  | 范围（有符号）                                               | 范围（无符号）unsigned约束                                   |      用途       |
| ------------ | ----------------------------------------------------- | ------------------------------------------------------------ | ------------------------------------------------------------ | :-------------: |
| TINYINT      | 1 字节                                                | (-128，127)                                                  | (0，255)                                                     |    小整数值     |
| SMALLINT     | 2 字节                                                | (-32 768，32 767)                                            | (0，65 535)                                                  |    大整数值     |
| MEDIUMINT    | 3 字节                                                | (-8 388 608，8 388 607)                                      | (0，16 777 215)                                              |    大整数值     |
| INT或INTEGER | 4 字节                                                | (-2 147 483 648，2 147 483 647)                              | (0，4 294 967 295)                                           |    大整数值     |
| BIGINT       | 8 字节                                                | (-9 233 372 036 854 775 808，9 223 372 036 854 775 807)      | (0，18 446 744 073 709 551 615)                              |   极大整数值    |
| FLOAT        | 4 字节float(255,30)                                   | (-3.402 823 466 E+38，-1.175 494 351 E-38)，0，(1.175 494 351 E-38，3.402 823 466 351 E+38) | 0，(1.175 494 351 E-38，3.402 823 466 E+38)                  | 单精度 浮点数值 |
| DOUBLE       | 8 字节double(255,30)                                  | (-1.797 693 134 862 315 7 E+308，-2.225 073 858 507 201 4 E-308)，0，(2.225 073 858 507 201 4 E-308，1.797 693 134 862 315 7 E+308) | 0，(2.225 073 858 507 201 4 E-308，1.797 693 134 862 315 7 E+308) | 双精度 浮点数值 |
| DECIMAL      | 对DECIMAL(M,D) ，如果M>D，为M+2否则为D+2double(65,30) | 依赖于M和D的值                                               | 依赖于M和D的值                                               |     小数值      |

我们来测试一下：

```mysql
mysql> create table t1(id int,age tinyint unsigned);
Query OK, 0 rows affected (0.04 sec)
```

我们创建了一个表，表的名字是t1，id是int型的，age是tinyint型的，并且是unsigned，也就是无符号的。

```mysql
mysql> desc t1;
+-------+------------------+------+-----+---------+-------+
| Field | Type             | Null | Key | Default | Extra |
+-------+------------------+------+-----+---------+-------+
| id    | int              | YES  |     | NULL    |       |
| age   | tinyint unsigned | YES  |     | NULL    |       |
+-------+------------------+------+-----+---------+-------+
2 rows in set (0.01 sec)

mysql> insert into t1 values(1,1);
Query OK, 1 row affected (0.01 sec)

mysql> insert into t1 values(1,2);
Query OK, 1 row affected (0.01 sec)

mysql> insert into t1 values(1,-2); # 很明显的看到，我们的age是不能为负数的，要是为负数的话就会报错。
ERROR 1264 (22003): Out of range value for column 'age' at row 1

mysql> insert into t1 values(-1,2);
Query OK, 1 row affected (0.01 sec)

mysql> select * from t1;
+------+------+
| id   | age  |
+------+------+
|    1 |    1 |
|    1 |    2 |
|   -1 |    2 |
+------+------+
3 rows in set (0.00 sec)
```

### FLOAT和DOUBLE  

```mysql
create table t2(f1 float,f2 float(5,2),f3 double(5,2),f4 double);
```

我们创建了一个t2表，其中float(5,2)的意思是float类型，一共五位，小数点后占两位，double的精度会比float高.

```mysql
mysql> insert into t2 values(5.2336,5.2336,5.2336,5.2336); # 是会四舍五入的
Query OK, 1 row affected (0.01 sec)

mysql> select * from t2;          
+--------+------+------+--------+ 
| f1     | f2   | f3   | f4     | 
+--------+------+------+--------+ 
| 5.2336 | 5.23 | 5.23 | 5.2336 | 
+--------+------+------+--------+ 
1 row in set (0.00 sec)           

mysql> insert into t2(f1,f4) values(5.23363123123,5.233612351324);
Query OK, 1 row affected (0.01 sec)

mysql> select * from t2;
+---------+------+------+----------------+
| f1      | f2   | f3   | f4             |
+---------+------+------+----------------+
|  5.2336 | 5.23 | 5.23 |         5.2336 |
| 5.23363 | NULL | NULL | 5.233612351324 |
+---------+------+------+----------------+
2 rows in set (0.00 sec)
```

### 时间

表示时间值的日期和时间类型为DATETIME、DATE、TIMESTAMP、TIME和YEAR。

每个时间类型有一个有效值范围和一个"零"值，当指定不合法的MySQL不能表示的值时使用"零"值。

TIMESTAMP类型有专有的自动更新特性，将在后面描述。

| 类型      | 大小 (字节) | 范围                                                         | 格式                | 用途                     |
| --------- | ----------- | ------------------------------------------------------------ | ------------------- | ------------------------ |
| DATE      | 3           | 1000-01-01/9999-12-31                                        | YYYY-MM-DD          | 年月日                   |
| TIME      | 3           | '-838:59:59'/'838:59:59'                                     | HH:MM:SS            | 时分秒                   |
| YEAR      | 1           | 1901/2155                                                    | YYYY                | 年份值                   |
| DATETIME  | 8           | 1000-01-01 00:00:00/9999-12-31 23:59:59                      | YYYY-MM-DD HH:MM:SS | 年月日时分秒             |
| TIMESTAMP | 4           | 1970-01-01 00:00:00/2038结束时间是第 **2147483647** 秒，北京时间 **2038-1-19 11:14:07**，格林尼治时间 2038年1月19日 凌晨 03:14:07 | YYYYMMDD HHMMSS     | 混合日期和时间值，时间戳 |

下面是例子展示：

```mysql
mysql> create table t4(dt datetime,y year,d date,t time,ts timestamp);
Query OK, 0 rows affected (0.05 sec)

mysql> desc t4;
+-------+-----------+------+-----+---------+-------+
| Field | Type      | Null | Key | Default | Extra |
+-------+-----------+------+-----+---------+-------+
| dt    | datetime  | YES  |     | NULL    |       |
| y     | year      | YES  |     | NULL    |       |
| d     | date      | YES  |     | NULL    |       |
| t     | time      | YES  |     | NULL    |       |
| ts    | timestamp | YES  |     | NULL    |       |
+-------+-----------+------+-----+---------+-------+
5 rows in set (0.01 sec)

mysql> insert into t4 values(now(),now(),now(),now(),now());
Query OK, 1 row affected, 1 warning (0.01 sec)

mysql> select * from t4;
+---------------------+------+------------+----------+---------------------+
| dt                  | y    | d          | t        | ts                  |
+---------------------+------+------------+----------+---------------------+
| 2020-06-01 10:40:40 | 2020 | 2020-06-01 | 10:40:40 | 2020-06-01 10:40:40 |
+---------------------+------+------------+----------+---------------------+
1 row in set (0.00 sec)

mysql> insert into t4 values(20180808080808,now(),now(),now(),now());
Query OK, 1 row affected, 1 warning (0.01 sec)

mysql> select * from t4;
+---------------------+------+------------+----------+---------------------+
| dt                  | y    | d          | t        | ts                  |
+---------------------+------+------------+----------+---------------------+
| 2020-06-01 10:40:40 | 2020 | 2020-06-01 | 10:40:40 | 2020-06-01 10:40:40 |
| 2018-08-08 08:08:08 | 2020 | 2020-06-01 | 10:45:54 | 2020-06-01 10:45:54 |
+---------------------+------+------------+----------+---------------------+
2 rows in set (0.00 sec)


```

在MySQL的5.6版本中timestamp是有默认定义为修改该行的第某一条数据，timestamp就自动更新为当前修改的时间，但是timestamp很快就不能使用了，我们将他的属性用在datatime上还是可以的。

```mysql
mysql> create table t5(
    -> id int,
    -> dt datetime NOT NULL
    ->            DEFAULT CURRENT_TIMESTAMP
    ->            ON UPDATE CURRENT_TIMESTAMP);
Query OK, 0 rows affected (0.04 sec)

mysql> desc t5;
+-------+----------+------+-----+-------------------+-----------------------------------------------+
| Field | Type     | Null | Key | Default           | Extra
    |
+-------+----------+------+-----+-------------------+-----------------------------------------------+
| id    | int      | YES  |     | NULL              |
    |
| dt    | datetime | NO   |     | CURRENT_TIMESTAMP | DEFAULT_GENERATED on update CURRENT_TIMESTAMP |
+-------+----------+------+-----+-------------------+-----------------------------------------------+
2 rows in set (0.00 sec)

mysql> insert into t5 values(1,20080808080808);
Query OK, 1 row affected (0.01 sec)

mysql> select * from t5;
+------+---------------------+
| id   | dt                  |
+------+---------------------+
|    1 | 2008-08-08 08:08:08 |
+------+---------------------+
1 row in set (0.00 sec)

mysql> update t5 set id=2 where id=1;
Query OK, 1 row affected (0.01 sec)
Rows matched: 1  Changed: 1  Warnings: 0

mysql> select * from t5;
+------+---------------------+
| id   | dt                  |
+------+---------------------+
|    2 | 2020-06-01 10:56:08 |
+------+---------------------+
1 row in set (0.00 sec)
```

## 字符串类型

字符串类型指CHAR、VARCHAR、BINARY、VARBINARY、BLOB、TEXT、ENUM和SET。该节描述了这些类型如何工作以及如何在查询中使用这些类型。

| 类型       | 大小                | 用途                              |
| ---------- | ------------------- | --------------------------------- |
| CHAR       | 0-255字节           | 定长字符串（节省时间，浪费空间）  |
| VARCHAR    | 0-65535 字节        | 变长字符串 （效率低，存储速度慢） |
| TINYBLOB   | 0-255字节           | 不超过 255 个字符的二进制字符串   |
| TINYTEXT   | 0-255字节           | 短文本字符串                      |
| BLOB       | 0-65 535字节        | 二进制形式的长文本数据            |
| TEXT       | 0-65 535字节        | 长文本数据                        |
| MEDIUMBLOB | 0-16 777 215字节    | 二进制形式的中等长度文本数据      |
| MEDIUMTEXT | 0-16 777 215字节    | 中等长度文本数据                  |
| LONGBLOB   | 0-4 294 967 295字节 | 二进制形式的极大文本数据          |
| LONGTEXT   | 0-4 294 967 295字节 | 极大文本数据                      |

适合用char的：

- 身份证号
- 手机号码
- QQ号
- username
- password
- 银行卡号

适合用varchar （不经常查询）

- 评论
- 朋友圈
- 微博



**注意：char,varchat在8.x的版本中如果过长会报错，在5.6版本中是不会报错，但是只存入前几位**

```mysql
mysql> create table t6(c1 char,v1 varchar(1),c2 char(8), v2 varchar(8));
Query OK, 0 rows affected (0.04 sec)

mysql> desc t6;
+-------+------------+------+-----+---------+-------+
| Field | Type       | Null | Key | Default | Extra |
+-------+------------+------+-----+---------+-------+
| c1    | char(1)    | YES  |     | NULL    |       |
| v1    | varchar(1) | YES  |     | NULL    |       |
| c2    | char(8)    | YES  |     | NULL    |       |
| v2    | varchar(8) | YES  |     | NULL    |       |
+-------+------------+------+-----+---------+-------+
4 rows in set (0.00 sec)

mysql> insert into t6 values('c','c','cyx1    q','cyx1    q'); # 注意会报错
ERROR 1406 (22001): Data too long for column 'c2' at row 1
mysql> insert into t6 values('c','c','cyx1    ','cyx1    ');
Query OK, 1 row affected (0.01 sec)

mysql> select * from t6;
+------+------+------+----------+
| c1   | v1   | c2   | v2       |
+------+------+------+----------+
| c    | c    | cyx1 | cyx1     |
+------+------+------+----------+
1 row in set (0.00 sec)
```

可以看见查出来的时候varchar是把空格也带出来了

### set和enum

- enum 单选行为

```mysql
mysql> create table t8(id int,name char(18),gender enum('m','f'));
Query OK, 0 rows affected (0.04 sec)

mysql> insert into t8 values(1,'cyx','不祥'); # 不在 m f 选择范围内 会报错
ERROR 1265 (01000): Data truncated for column 'gender' at row 1

mysql> insert into t8 values(1,'cyx','m');  ;
Query OK, 1 row affected (0.01 sec)
```

- set 多选行为(会除去重复，但是选择)

```mysql
mysql> create table t9(id int,name char(18),hobby set('抽烟','喝酒','烫头'));
Query OK, 0 rows affected (0.04 sec)

mysql> insert into t9 values(1,'cyx','抽烟,抽烟,抽烟,喝酒');
Query OK, 1 row affected (0.01 sec)

mysql> insert into t9 values(1,'cyx2','抽烟,烫头');
Query OK, 1 row affected (0.00 sec)

mysql> select * from t9;
+------+------+---------------+
| id   | name | hobby         |
+------+------+---------------+
|    1 | cyx  | 抽烟,喝酒     |
|    1 | cyx2 | 抽烟,烫头     |
+------+------+---------------+
2 rows in set (0.00 sec)
```

### 删除表

```mysql
drop table 表名
```


